// Jest Snapshot v1, https://goo.gl/fbAQLP

exports[`Should render About Component 1`] = `
<div>
  <Header
    as="h2"
  >
    About this project
  </Header>
  <p>
    This app consumes GeoNames's geographical database  to show information about countries and cities, Countryflag to get flags and HolidayAPI to get holiday information.
  </p>
  <Label
    as="a"
    content="Github"
    href="https://github.com/luismbcr/React-Geodata-APP"
    icon="github"
    target="_blank"
  />
</div>
`;
